// Jest Snapshot v1, https://goo.gl/fbAQLP

exports[`Pruebas en <GifGridItem/> Debe de mostrar el componente correctamente 1`] = `null`;
